clarity::string  cut::string  price::bigint  moving_avg::double  imputed::double
    SI2 good    327       327.0    327.0
